// Jest Snapshot v1, https://goo.gl/fbAQLP

exports[`pokemonPage component debe de hacer match con el snapshot cuando cargan los pokemons 1`] = `
<div>
  <h1>¿Quién es este Pokémon?</h1>
  <div class="pokemon-container"><img src="https://raw.githubusercontent.com/PokeAPI/sprites/master/sprites/pokemon/other/dream-world/1.svg" alt="Pokemon" class="hidden-pokemon">
    <!--v-if-->
  </div>
  <div class="options-container">
    <ul>
      <li>bulbasaur</li>
      <li>ivysaur</li>
      <li>venusaur</li>
      <li>charmander</li>
    </ul>
  </div>
  <!--v-if-->
</div>
`;
